// Jest Snapshot v1, https://goo.gl/fbAQLP

exports[`Button should render corrent 1`] = `
<button
  className="mock-button button"
  onClick={[Function]}
>
  Button
</button>
`;
